// Jest Snapshot v1, https://goo.gl/fbAQLP

exports[`Step3 component should match snapshot if no change was intended 1`] = `
ShallowWrapper {
  Symbol(enzyme.__root__): [Circular],
  Symbol(enzyme.__unrendered__): <Step3
    handleChange={[Function]}
    handleSubmit={[Function]}
    pricePerTicket="19.99"
  />,
  Symbol(enzyme.__renderer__): Object {
    "batchedUpdates": [Function],
    "getNode": [Function],
    "render": [Function],
    "simulateError": [Function],
    "simulateEvent": [Function],
    "unmount": [Function],
  },
  Symbol(enzyme.__node__): Object {
    "instance": null,
    "key": undefined,
    "nodeType": "host",
    "props": Object {
      "children": Array [
        <div
          className="title"
        >
          <h1>
            Live PPV Event ROI Calculator
          </h1>
        </div>,
        <Paragraph>
          Working with a Live PPV specialist can boost your conversion rate and ultimately your ROI.
        </Paragraph>,
        <img
          alt="icon"
          src="tickets.svg"
        />,
        <Paragraph>
          How much do you plan to charge per ticket for your Live PPV event?
        </Paragraph>,
        <div
          className="currency-input"
        >
          <input
            id="pricePerTicket"
            name="pricePerTicket"
            onChange={[Function]}
            type="text"
            value="19.99"
          />
          <span
            className="currency-sign"
          >
            €
          </span>
        </div>,
        <NextButton
          action={[Function]}
          name="see the results"
          to="step3"
        />,
        <BackButton
          name="back"
          to="step2"
        />,
        <CalculatorNavigation
          step={3}
        />,
      ],
      "className": "step3-container",
    },
    "ref": null,
    "rendered": Array [
      Object {
        "instance": null,
        "key": undefined,
        "nodeType": "host",
        "props": Object {
          "children": <h1>
            Live PPV Event ROI Calculator
          </h1>,
          "className": "title",
        },
        "ref": null,
        "rendered": Object {
          "instance": null,
          "key": undefined,
          "nodeType": "host",
          "props": Object {
            "children": "Live PPV Event ROI Calculator",
          },
          "ref": null,
          "rendered": "Live PPV Event ROI Calculator",
          "type": "h1",
        },
        "type": "div",
      },
      Object {
        "instance": null,
        "key": undefined,
        "nodeType": "function",
        "props": Object {
          "children": "Working with a Live PPV specialist can boost your conversion rate and ultimately your ROI.",
        },
        "ref": null,
        "rendered": "Working with a Live PPV specialist can boost your conversion rate and ultimately your ROI.",
        "type": [Function],
      },
      Object {
        "instance": null,
        "key": undefined,
        "nodeType": "host",
        "props": Object {
          "alt": "icon",
          "src": "tickets.svg",
        },
        "ref": null,
        "rendered": null,
        "type": "img",
      },
      Object {
        "instance": null,
        "key": undefined,
        "nodeType": "function",
        "props": Object {
          "children": "How much do you plan to charge per ticket for your Live PPV event?",
        },
        "ref": null,
        "rendered": "How much do you plan to charge per ticket for your Live PPV event?",
        "type": [Function],
      },
      Object {
        "instance": null,
        "key": undefined,
        "nodeType": "host",
        "props": Object {
          "children": Array [
            <input
              id="pricePerTicket"
              name="pricePerTicket"
              onChange={[Function]}
              type="text"
              value="19.99"
            />,
            <span
              className="currency-sign"
            >
              €
            </span>,
          ],
          "className": "currency-input",
        },
        "ref": null,
        "rendered": Array [
          Object {
            "instance": null,
            "key": undefined,
            "nodeType": "host",
            "props": Object {
              "id": "pricePerTicket",
              "name": "pricePerTicket",
              "onChange": [Function],
              "type": "text",
              "value": "19.99",
            },
            "ref": null,
            "rendered": null,
            "type": "input",
          },
          Object {
            "instance": null,
            "key": undefined,
            "nodeType": "host",
            "props": Object {
              "children": "€",
              "className": "currency-sign",
            },
            "ref": null,
            "rendered": "€",
            "type": "span",
          },
        ],
        "type": "div",
      },
      Object {
        "instance": null,
        "key": undefined,
        "nodeType": "function",
        "props": Object {
          "action": [Function],
          "name": "see the results",
          "to": "step3",
        },
        "ref": null,
        "rendered": null,
        "type": [Function],
      },
      Object {
        "instance": null,
        "key": undefined,
        "nodeType": "function",
        "props": Object {
          "name": "back",
          "to": "step2",
        },
        "ref": null,
        "rendered": null,
        "type": [Function],
      },
      Object {
        "instance": null,
        "key": undefined,
        "nodeType": "function",
        "props": Object {
          "step": 3,
        },
        "ref": null,
        "rendered": null,
        "type": [Function],
      },
    ],
    "type": "div",
  },
  Symbol(enzyme.__nodes__): Array [
    Object {
      "instance": null,
      "key": undefined,
      "nodeType": "host",
      "props": Object {
        "children": Array [
          <div
            className="title"
          >
            <h1>
              Live PPV Event ROI Calculator
            </h1>
          </div>,
          <Paragraph>
            Working with a Live PPV specialist can boost your conversion rate and ultimately your ROI.
          </Paragraph>,
          <img
            alt="icon"
            src="tickets.svg"
          />,
          <Paragraph>
            How much do you plan to charge per ticket for your Live PPV event?
          </Paragraph>,
          <div
            className="currency-input"
          >
            <input
              id="pricePerTicket"
              name="pricePerTicket"
              onChange={[Function]}
              type="text"
              value="19.99"
            />
            <span
              className="currency-sign"
            >
              €
            </span>
          </div>,
          <NextButton
            action={[Function]}
            name="see the results"
            to="step3"
          />,
          <BackButton
            name="back"
            to="step2"
          />,
          <CalculatorNavigation
            step={3}
          />,
        ],
        "className": "step3-container",
      },
      "ref": null,
      "rendered": Array [
        Object {
          "instance": null,
          "key": undefined,
          "nodeType": "host",
          "props": Object {
            "children": <h1>
              Live PPV Event ROI Calculator
            </h1>,
            "className": "title",
          },
          "ref": null,
          "rendered": Object {
            "instance": null,
            "key": undefined,
            "nodeType": "host",
            "props": Object {
              "children": "Live PPV Event ROI Calculator",
            },
            "ref": null,
            "rendered": "Live PPV Event ROI Calculator",
            "type": "h1",
          },
          "type": "div",
        },
        Object {
          "instance": null,
          "key": undefined,
          "nodeType": "function",
          "props": Object {
            "children": "Working with a Live PPV specialist can boost your conversion rate and ultimately your ROI.",
          },
          "ref": null,
          "rendered": "Working with a Live PPV specialist can boost your conversion rate and ultimately your ROI.",
          "type": [Function],
        },
        Object {
          "instance": null,
          "key": undefined,
          "nodeType": "host",
          "props": Object {
            "alt": "icon",
            "src": "tickets.svg",
          },
          "ref": null,
          "rendered": null,
          "type": "img",
        },
        Object {
          "instance": null,
          "key": undefined,
          "nodeType": "function",
          "props": Object {
            "children": "How much do you plan to charge per ticket for your Live PPV event?",
          },
          "ref": null,
          "rendered": "How much do you plan to charge per ticket for your Live PPV event?",
          "type": [Function],
        },
        Object {
          "instance": null,
          "key": undefined,
          "nodeType": "host",
          "props": Object {
            "children": Array [
              <input
                id="pricePerTicket"
                name="pricePerTicket"
                onChange={[Function]}
                type="text"
                value="19.99"
              />,
              <span
                className="currency-sign"
              >
                €
              </span>,
            ],
            "className": "currency-input",
          },
          "ref": null,
          "rendered": Array [
            Object {
              "instance": null,
              "key": undefined,
              "nodeType": "host",
              "props": Object {
                "id": "pricePerTicket",
                "name": "pricePerTicket",
                "onChange": [Function],
                "type": "text",
                "value": "19.99",
              },
              "ref": null,
              "rendered": null,
              "type": "input",
            },
            Object {
              "instance": null,
              "key": undefined,
              "nodeType": "host",
              "props": Object {
                "children": "€",
                "className": "currency-sign",
              },
              "ref": null,
              "rendered": "€",
              "type": "span",
            },
          ],
          "type": "div",
        },
        Object {
          "instance": null,
          "key": undefined,
          "nodeType": "function",
          "props": Object {
            "action": [Function],
            "name": "see the results",
            "to": "step3",
          },
          "ref": null,
          "rendered": null,
          "type": [Function],
        },
        Object {
          "instance": null,
          "key": undefined,
          "nodeType": "function",
          "props": Object {
            "name": "back",
            "to": "step2",
          },
          "ref": null,
          "rendered": null,
          "type": [Function],
        },
        Object {
          "instance": null,
          "key": undefined,
          "nodeType": "function",
          "props": Object {
            "step": 3,
          },
          "ref": null,
          "rendered": null,
          "type": [Function],
        },
      ],
      "type": "div",
    },
  ],
  Symbol(enzyme.__options__): Object {
    "adapter": ReactSixteenAdapter {
      "options": Object {
        "enableComponentDidUpdateOnSetState": true,
        "lifecycles": Object {
          "componentDidUpdate": Object {
            "onSetState": true,
          },
          "getDerivedStateFromProps": true,
          "getSnapshotBeforeUpdate": true,
          "setState": Object {
            "skipsComponentDidUpdateOnNullish": true,
          },
        },
      },
    },
  },
}
`;
