// Jest Snapshot v1, https://goo.gl/fbAQLP

exports[`Home component should match snapshot if no change was intended 1`] = `
ShallowWrapper {
  Symbol(enzyme.__root__): [Circular],
  Symbol(enzyme.__unrendered__): <Home />,
  Symbol(enzyme.__renderer__): Object {
    "batchedUpdates": [Function],
    "getNode": [Function],
    "render": [Function],
    "simulateError": [Function],
    "simulateEvent": [Function],
    "unmount": [Function],
  },
  Symbol(enzyme.__node__): Object {
    "instance": null,
    "key": undefined,
    "nodeType": "host",
    "props": Object {
      "children": Array [
        <h1>
          Live PPV Event ROI Calculator
        </h1>,
        <div
          className="description"
        >
          Ever wondered 
          <strong>
            how much money you can generate 
          </strong>
          with the Live Pay-Per-View model? Based on our experience in
          <strong>
             managing over 10,000 PPV
          </strong>
           events per year, we created this unique ROI calculator for you.
        </div>,
        <Link
          replace={false}
          to="/calculator"
        >
          <button>
            Give it a try!
          </button>
        </Link>,
      ],
      "className": "home-container",
    },
    "ref": null,
    "rendered": Array [
      Object {
        "instance": null,
        "key": undefined,
        "nodeType": "host",
        "props": Object {
          "children": "Live PPV Event ROI Calculator",
        },
        "ref": null,
        "rendered": "Live PPV Event ROI Calculator",
        "type": "h1",
      },
      Object {
        "instance": null,
        "key": undefined,
        "nodeType": "host",
        "props": Object {
          "children": Array [
            "Ever wondered ",
            <strong>
              how much money you can generate 
            </strong>,
            "with the Live Pay-Per-View model? Based on our experience in",
            <strong>
               managing over 10,000 PPV
            </strong>,
            " events per year, we created this unique ROI calculator for you.",
          ],
          "className": "description",
        },
        "ref": null,
        "rendered": Array [
          "Ever wondered ",
          Object {
            "instance": null,
            "key": undefined,
            "nodeType": "host",
            "props": Object {
              "children": "how much money you can generate ",
            },
            "ref": null,
            "rendered": "how much money you can generate ",
            "type": "strong",
          },
          "with the Live Pay-Per-View model? Based on our experience in",
          Object {
            "instance": null,
            "key": undefined,
            "nodeType": "host",
            "props": Object {
              "children": " managing over 10,000 PPV",
            },
            "ref": null,
            "rendered": " managing over 10,000 PPV",
            "type": "strong",
          },
          " events per year, we created this unique ROI calculator for you.",
        ],
        "type": "div",
      },
      Object {
        "instance": null,
        "key": undefined,
        "nodeType": "class",
        "props": Object {
          "children": <button>
            Give it a try!
          </button>,
          "replace": false,
          "to": "/calculator",
        },
        "ref": null,
        "rendered": Object {
          "instance": null,
          "key": undefined,
          "nodeType": "host",
          "props": Object {
            "children": "Give it a try!",
          },
          "ref": null,
          "rendered": "Give it a try!",
          "type": "button",
        },
        "type": [Function],
      },
    ],
    "type": "div",
  },
  Symbol(enzyme.__nodes__): Array [
    Object {
      "instance": null,
      "key": undefined,
      "nodeType": "host",
      "props": Object {
        "children": Array [
          <h1>
            Live PPV Event ROI Calculator
          </h1>,
          <div
            className="description"
          >
            Ever wondered 
            <strong>
              how much money you can generate 
            </strong>
            with the Live Pay-Per-View model? Based on our experience in
            <strong>
               managing over 10,000 PPV
            </strong>
             events per year, we created this unique ROI calculator for you.
          </div>,
          <Link
            replace={false}
            to="/calculator"
          >
            <button>
              Give it a try!
            </button>
          </Link>,
        ],
        "className": "home-container",
      },
      "ref": null,
      "rendered": Array [
        Object {
          "instance": null,
          "key": undefined,
          "nodeType": "host",
          "props": Object {
            "children": "Live PPV Event ROI Calculator",
          },
          "ref": null,
          "rendered": "Live PPV Event ROI Calculator",
          "type": "h1",
        },
        Object {
          "instance": null,
          "key": undefined,
          "nodeType": "host",
          "props": Object {
            "children": Array [
              "Ever wondered ",
              <strong>
                how much money you can generate 
              </strong>,
              "with the Live Pay-Per-View model? Based on our experience in",
              <strong>
                 managing over 10,000 PPV
              </strong>,
              " events per year, we created this unique ROI calculator for you.",
            ],
            "className": "description",
          },
          "ref": null,
          "rendered": Array [
            "Ever wondered ",
            Object {
              "instance": null,
              "key": undefined,
              "nodeType": "host",
              "props": Object {
                "children": "how much money you can generate ",
              },
              "ref": null,
              "rendered": "how much money you can generate ",
              "type": "strong",
            },
            "with the Live Pay-Per-View model? Based on our experience in",
            Object {
              "instance": null,
              "key": undefined,
              "nodeType": "host",
              "props": Object {
                "children": " managing over 10,000 PPV",
              },
              "ref": null,
              "rendered": " managing over 10,000 PPV",
              "type": "strong",
            },
            " events per year, we created this unique ROI calculator for you.",
          ],
          "type": "div",
        },
        Object {
          "instance": null,
          "key": undefined,
          "nodeType": "class",
          "props": Object {
            "children": <button>
              Give it a try!
            </button>,
            "replace": false,
            "to": "/calculator",
          },
          "ref": null,
          "rendered": Object {
            "instance": null,
            "key": undefined,
            "nodeType": "host",
            "props": Object {
              "children": "Give it a try!",
            },
            "ref": null,
            "rendered": "Give it a try!",
            "type": "button",
          },
          "type": [Function],
        },
      ],
      "type": "div",
    },
  ],
  Symbol(enzyme.__options__): Object {
    "adapter": ReactSixteenAdapter {
      "options": Object {
        "enableComponentDidUpdateOnSetState": true,
        "lifecycles": Object {
          "componentDidUpdate": Object {
            "onSetState": true,
          },
          "getDerivedStateFromProps": true,
          "getSnapshotBeforeUpdate": true,
          "setState": Object {
            "skipsComponentDidUpdateOnNullish": true,
          },
        },
      },
    },
  },
}
`;
