// Jest Snapshot v1, https://goo.gl/fbAQLP

exports[`Report component should match snapshot if no change was intended 1`] = `
ShallowWrapper {
  Symbol(enzyme.__root__): [Circular],
  Symbol(enzyme.__unrendered__): <Report
    data={Array []}
  />,
  Symbol(enzyme.__renderer__): Object {
    "batchedUpdates": [Function],
    "getNode": [Function],
    "render": [Function],
    "simulateError": [Function],
    "simulateEvent": [Function],
    "unmount": [Function],
  },
  Symbol(enzyme.__node__): Object {
    "instance": null,
    "key": undefined,
    "nodeType": "host",
    "props": Object {
      "children": Array [
        <h1>
          Live PPV Event ROI Calculator
        </h1>,
        <Table
          data={Array []}
        />,
        <Paragraph>
          Do you want to understand the logic behind this calculation? Grab your results and we will explain you everything about conversion rates, customer care and operation fees.
        </Paragraph>,
        <NextButton
          name="find out now"
          to="extended-report"
        />,
        <BackButton
          name="start again"
          to=""
        />,
        <BackButton
          name="back"
          to="step3"
        />,
      ],
      "className": "container",
    },
    "ref": null,
    "rendered": Array [
      Object {
        "instance": null,
        "key": undefined,
        "nodeType": "host",
        "props": Object {
          "children": "Live PPV Event ROI Calculator",
        },
        "ref": null,
        "rendered": "Live PPV Event ROI Calculator",
        "type": "h1",
      },
      Object {
        "instance": null,
        "key": undefined,
        "nodeType": "function",
        "props": Object {
          "data": Array [],
        },
        "ref": null,
        "rendered": null,
        "type": [Function],
      },
      Object {
        "instance": null,
        "key": undefined,
        "nodeType": "function",
        "props": Object {
          "children": "Do you want to understand the logic behind this calculation? Grab your results and we will explain you everything about conversion rates, customer care and operation fees.",
        },
        "ref": null,
        "rendered": "Do you want to understand the logic behind this calculation? Grab your results and we will explain you everything about conversion rates, customer care and operation fees.",
        "type": [Function],
      },
      Object {
        "instance": null,
        "key": undefined,
        "nodeType": "function",
        "props": Object {
          "name": "find out now",
          "to": "extended-report",
        },
        "ref": null,
        "rendered": null,
        "type": [Function],
      },
      Object {
        "instance": null,
        "key": undefined,
        "nodeType": "function",
        "props": Object {
          "name": "start again",
          "to": "",
        },
        "ref": null,
        "rendered": null,
        "type": [Function],
      },
      Object {
        "instance": null,
        "key": undefined,
        "nodeType": "function",
        "props": Object {
          "name": "back",
          "to": "step3",
        },
        "ref": null,
        "rendered": null,
        "type": [Function],
      },
    ],
    "type": "div",
  },
  Symbol(enzyme.__nodes__): Array [
    Object {
      "instance": null,
      "key": undefined,
      "nodeType": "host",
      "props": Object {
        "children": Array [
          <h1>
            Live PPV Event ROI Calculator
          </h1>,
          <Table
            data={Array []}
          />,
          <Paragraph>
            Do you want to understand the logic behind this calculation? Grab your results and we will explain you everything about conversion rates, customer care and operation fees.
          </Paragraph>,
          <NextButton
            name="find out now"
            to="extended-report"
          />,
          <BackButton
            name="start again"
            to=""
          />,
          <BackButton
            name="back"
            to="step3"
          />,
        ],
        "className": "container",
      },
      "ref": null,
      "rendered": Array [
        Object {
          "instance": null,
          "key": undefined,
          "nodeType": "host",
          "props": Object {
            "children": "Live PPV Event ROI Calculator",
          },
          "ref": null,
          "rendered": "Live PPV Event ROI Calculator",
          "type": "h1",
        },
        Object {
          "instance": null,
          "key": undefined,
          "nodeType": "function",
          "props": Object {
            "data": Array [],
          },
          "ref": null,
          "rendered": null,
          "type": [Function],
        },
        Object {
          "instance": null,
          "key": undefined,
          "nodeType": "function",
          "props": Object {
            "children": "Do you want to understand the logic behind this calculation? Grab your results and we will explain you everything about conversion rates, customer care and operation fees.",
          },
          "ref": null,
          "rendered": "Do you want to understand the logic behind this calculation? Grab your results and we will explain you everything about conversion rates, customer care and operation fees.",
          "type": [Function],
        },
        Object {
          "instance": null,
          "key": undefined,
          "nodeType": "function",
          "props": Object {
            "name": "find out now",
            "to": "extended-report",
          },
          "ref": null,
          "rendered": null,
          "type": [Function],
        },
        Object {
          "instance": null,
          "key": undefined,
          "nodeType": "function",
          "props": Object {
            "name": "start again",
            "to": "",
          },
          "ref": null,
          "rendered": null,
          "type": [Function],
        },
        Object {
          "instance": null,
          "key": undefined,
          "nodeType": "function",
          "props": Object {
            "name": "back",
            "to": "step3",
          },
          "ref": null,
          "rendered": null,
          "type": [Function],
        },
      ],
      "type": "div",
    },
  ],
  Symbol(enzyme.__options__): Object {
    "adapter": ReactSixteenAdapter {
      "options": Object {
        "enableComponentDidUpdateOnSetState": true,
        "lifecycles": Object {
          "componentDidUpdate": Object {
            "onSetState": true,
          },
          "getDerivedStateFromProps": true,
          "getSnapshotBeforeUpdate": true,
          "setState": Object {
            "skipsComponentDidUpdateOnNullish": true,
          },
        },
      },
    },
  },
}
`;
