// Jest Snapshot v1, https://goo.gl/fbAQLP

exports[`Table component should match snapshot if no change was intended 1`] = `
ShallowWrapper {
  Symbol(enzyme.__root__): [Circular],
  Symbol(enzyme.__unrendered__): <Table
    data={Array []}
  />,
  Symbol(enzyme.__renderer__): Object {
    "batchedUpdates": [Function],
    "getNode": [Function],
    "render": [Function],
    "simulateError": [Function],
    "simulateEvent": [Function],
    "unmount": [Function],
  },
  Symbol(enzyme.__node__): Object {
    "instance": null,
    "key": undefined,
    "nodeType": "host",
    "props": Object {
      "children": <table>
        <thead>
          <tr>
            <th />
            <th>
              Home Grown
            </th>
            <th>
              <img
                alt="Cleeng"
                src="https://cdn-statics.cleeng.com/branding/images/logo-small.png?v=db9a54bbc7"
              />
            </th>
          </tr>
        </thead>
        <tbody />
      </table>,
      "className": "table-container",
    },
    "ref": null,
    "rendered": Object {
      "instance": null,
      "key": undefined,
      "nodeType": "host",
      "props": Object {
        "children": Array [
          <thead>
            <tr>
              <th />
              <th>
                Home Grown
              </th>
              <th>
                <img
                  alt="Cleeng"
                  src="https://cdn-statics.cleeng.com/branding/images/logo-small.png?v=db9a54bbc7"
                />
              </th>
            </tr>
          </thead>,
          <tbody />,
        ],
      },
      "ref": null,
      "rendered": Array [
        Object {
          "instance": null,
          "key": undefined,
          "nodeType": "host",
          "props": Object {
            "children": <tr>
              <th />
              <th>
                Home Grown
              </th>
              <th>
                <img
                  alt="Cleeng"
                  src="https://cdn-statics.cleeng.com/branding/images/logo-small.png?v=db9a54bbc7"
                />
              </th>
            </tr>,
          },
          "ref": null,
          "rendered": Object {
            "instance": null,
            "key": undefined,
            "nodeType": "host",
            "props": Object {
              "children": Array [
                <th />,
                <th>
                  Home Grown
                </th>,
                <th>
                  <img
                    alt="Cleeng"
                    src="https://cdn-statics.cleeng.com/branding/images/logo-small.png?v=db9a54bbc7"
                  />
                </th>,
              ],
            },
            "ref": null,
            "rendered": Array [
              Object {
                "instance": null,
                "key": undefined,
                "nodeType": "host",
                "props": Object {},
                "ref": null,
                "rendered": null,
                "type": "th",
              },
              Object {
                "instance": null,
                "key": undefined,
                "nodeType": "host",
                "props": Object {
                  "children": "Home Grown",
                },
                "ref": null,
                "rendered": "Home Grown",
                "type": "th",
              },
              Object {
                "instance": null,
                "key": undefined,
                "nodeType": "host",
                "props": Object {
                  "children": <img
                    alt="Cleeng"
                    src="https://cdn-statics.cleeng.com/branding/images/logo-small.png?v=db9a54bbc7"
                  />,
                },
                "ref": null,
                "rendered": Object {
                  "instance": null,
                  "key": undefined,
                  "nodeType": "host",
                  "props": Object {
                    "alt": "Cleeng",
                    "src": "https://cdn-statics.cleeng.com/branding/images/logo-small.png?v=db9a54bbc7",
                  },
                  "ref": null,
                  "rendered": null,
                  "type": "img",
                },
                "type": "th",
              },
            ],
            "type": "tr",
          },
          "type": "thead",
        },
        Object {
          "instance": null,
          "key": undefined,
          "nodeType": "host",
          "props": Object {
            "children": Array [],
          },
          "ref": null,
          "rendered": Array [],
          "type": "tbody",
        },
      ],
      "type": "table",
    },
    "type": "div",
  },
  Symbol(enzyme.__nodes__): Array [
    Object {
      "instance": null,
      "key": undefined,
      "nodeType": "host",
      "props": Object {
        "children": <table>
          <thead>
            <tr>
              <th />
              <th>
                Home Grown
              </th>
              <th>
                <img
                  alt="Cleeng"
                  src="https://cdn-statics.cleeng.com/branding/images/logo-small.png?v=db9a54bbc7"
                />
              </th>
            </tr>
          </thead>
          <tbody />
        </table>,
        "className": "table-container",
      },
      "ref": null,
      "rendered": Object {
        "instance": null,
        "key": undefined,
        "nodeType": "host",
        "props": Object {
          "children": Array [
            <thead>
              <tr>
                <th />
                <th>
                  Home Grown
                </th>
                <th>
                  <img
                    alt="Cleeng"
                    src="https://cdn-statics.cleeng.com/branding/images/logo-small.png?v=db9a54bbc7"
                  />
                </th>
              </tr>
            </thead>,
            <tbody />,
          ],
        },
        "ref": null,
        "rendered": Array [
          Object {
            "instance": null,
            "key": undefined,
            "nodeType": "host",
            "props": Object {
              "children": <tr>
                <th />
                <th>
                  Home Grown
                </th>
                <th>
                  <img
                    alt="Cleeng"
                    src="https://cdn-statics.cleeng.com/branding/images/logo-small.png?v=db9a54bbc7"
                  />
                </th>
              </tr>,
            },
            "ref": null,
            "rendered": Object {
              "instance": null,
              "key": undefined,
              "nodeType": "host",
              "props": Object {
                "children": Array [
                  <th />,
                  <th>
                    Home Grown
                  </th>,
                  <th>
                    <img
                      alt="Cleeng"
                      src="https://cdn-statics.cleeng.com/branding/images/logo-small.png?v=db9a54bbc7"
                    />
                  </th>,
                ],
              },
              "ref": null,
              "rendered": Array [
                Object {
                  "instance": null,
                  "key": undefined,
                  "nodeType": "host",
                  "props": Object {},
                  "ref": null,
                  "rendered": null,
                  "type": "th",
                },
                Object {
                  "instance": null,
                  "key": undefined,
                  "nodeType": "host",
                  "props": Object {
                    "children": "Home Grown",
                  },
                  "ref": null,
                  "rendered": "Home Grown",
                  "type": "th",
                },
                Object {
                  "instance": null,
                  "key": undefined,
                  "nodeType": "host",
                  "props": Object {
                    "children": <img
                      alt="Cleeng"
                      src="https://cdn-statics.cleeng.com/branding/images/logo-small.png?v=db9a54bbc7"
                    />,
                  },
                  "ref": null,
                  "rendered": Object {
                    "instance": null,
                    "key": undefined,
                    "nodeType": "host",
                    "props": Object {
                      "alt": "Cleeng",
                      "src": "https://cdn-statics.cleeng.com/branding/images/logo-small.png?v=db9a54bbc7",
                    },
                    "ref": null,
                    "rendered": null,
                    "type": "img",
                  },
                  "type": "th",
                },
              ],
              "type": "tr",
            },
            "type": "thead",
          },
          Object {
            "instance": null,
            "key": undefined,
            "nodeType": "host",
            "props": Object {
              "children": Array [],
            },
            "ref": null,
            "rendered": Array [],
            "type": "tbody",
          },
        ],
        "type": "table",
      },
      "type": "div",
    },
  ],
  Symbol(enzyme.__options__): Object {
    "adapter": ReactSixteenAdapter {
      "options": Object {
        "enableComponentDidUpdateOnSetState": true,
        "lifecycles": Object {
          "componentDidUpdate": Object {
            "onSetState": true,
          },
          "getDerivedStateFromProps": true,
          "getSnapshotBeforeUpdate": true,
          "setState": Object {
            "skipsComponentDidUpdateOnNullish": true,
          },
        },
      },
    },
  },
}
`;
